******************************************************************************
                  TI ARM Linker PC v20.2.7                     
******************************************************************************
>> Linked Mon May 29 19:40:02 2023

OUTPUT FILE NAME:   <Proyecto3.out>
ENTRY POINT SYMBOL: "_c_int00_noinit_noargs"  address: 00000a95


MEMORY CONFIGURATION

         name            origin    length      used     unused   attr    fill
----------------------  --------  ---------  --------  --------  ----  --------
  FLASH                 00000000   00040000  00000cc6  0003f33a  R  X
  SRAM                  20000000   00008000  00000200  00007e00  RW X


SEGMENT ALLOCATION MAP

run origin  load origin   length   init length attrs members
----------  ----------- ---------- ----------- ----- -------
00000000    00000000    00000cc8   00000cc8    r-x
  00000000    00000000    0000026c   0000026c    r-- .intvecs
  0000026c    0000026c    0000095e   0000095e    r-x .text
  00000bcc    00000bcc    000000fc   000000fc    r-- .const
20000000    20000000    00000200   00000000    rw-
  20000000    20000000    00000200   00000000    rw- .stack


SECTION ALLOCATION MAP

 output                                  attributes/
section   page    origin      length       input sections
--------  ----  ----------  ----------   ----------------
.intvecs   0    00000000    0000026c     
                  00000000    0000026c     tm4c123gh6pm_startup_ccs.obj (.intvecs)

.text      0    0000026c    0000095e     
                  0000026c    00000330     main.obj (.text)
                  0000059c    00000132     driverlib.lib : gpio.obj (.text:GPIOPadConfigSet)
                  000006ce    00000002     --HOLE-- [fill = 0]
                  000006d0    00000110                   : sysctl.obj (.text:SysCtlClockGet)
                  000007e0    000000f4                   : sysctl.obj (.text:SysCtlClockSet)
                  000008d4    0000007a                   : adc.obj (.text:ADCSequenceStepConfigure)
                  0000094e    00000050                   : adc.obj (.text:ADCSequenceConfigure)
                  0000099e    00000002     --HOLE-- [fill = 0]
                  000009a0    00000048                   : gpio.obj (.text:GPIOPinConfigure)
                  000009e8    00000046                   : uart.obj (.text:UARTConfigSetExpClk)
                  00000a2e    00000002     --HOLE-- [fill = 0]
                  00000a30    00000034                   : sysctl.obj (.text:SysCtlPeripheralEnable)
                  00000a64    0000002e                   : adc.obj (.text:ADCIntStatus)
                  00000a92    00000002     --HOLE-- [fill = 0]
                  00000a94    0000002c     rtsv7M4_T_le_v4SPD16_eabi.lib : boot_cortex_m.c.obj (.text:_c_int00_noinit_noargs:_c_int00_noinit_noargs)
                  00000ac0    0000002a     driverlib.lib : gpio.obj (.text:GPIODirModeSet)
                  00000aea    00000002     --HOLE-- [fill = 0]
                  00000aec    00000020                   : uart.obj (.text:UARTDisable)
                  00000b0c    0000001e                   : adc.obj (.text:ADCSequenceDataGet)
                  00000b2a    00000018                   : adc.obj (.text:ADCProcessorTrigger)
                  00000b42    00000018                   : gpio.obj (.text:GPIOPinTypeGPIOOutput)
                  00000b5a    00000014                   : uart.obj (.text:UARTEnable)
                  00000b6e    00000012                   : gpio.obj (.text:GPIOPinTypeADC)
                  00000b80    00000012                   : gpio.obj (.text:GPIOPinTypeUART)
                  00000b92    0000000e                   : adc.obj (.text:ADCSequenceEnable)
                  00000ba0    0000000c     tm4c123gh6pm_startup_ccs.obj (.text)
                  00000bac    0000000a     driverlib.lib : uart.obj (.text:UARTCharPut)
                  00000bb6    00000006                   : gpio.obj (.text:GPIOPinWrite)
                  00000bbc    00000006                   : sysctl.obj (.text:SysCtlDelay)
                  00000bc2    00000004     rtsv7M4_T_le_v4SPD16_eabi.lib : pre_init.c.obj (.text:_system_pre_init)
                  00000bc6    00000004                                   : exit.c.obj (.text:abort:abort)

.const     0    00000bcc    000000fc     
                  00000bcc    00000090     driverlib.lib : gpio.obj (.const:g_pui32GPIOBaseAddrs)
                  00000c5c    0000006c                   : sysctl.obj (.const:g_pui32Xtals)

.cinit     0    00000000    00000000     UNINITIALIZED

.init_array 
*          0    00000000    00000000     UNINITIALIZED

.stack     0    20000000    00000200     UNINITIALIZED
                  20000000    00000004     rtsv7M4_T_le_v4SPD16_eabi.lib : boot_cortex_m.c.obj (.stack)
                  20000004    000001fc     --HOLE--

__llvm_prf_cnts 
*          0    20000000    00000000     UNINITIALIZED

MODULE SUMMARY

       Module                         code   ro data   rw data
       ------                         ----   -------   -------
    .\
       main.obj                       816    0         0      
       tm4c123gh6pm_startup_ccs.obj   12     620       0      
    +--+------------------------------+------+---------+---------+
       Total:                         828    620       0      
                                                              
    C:/ti/TivaWare_C_Series-2.1.4.178/driverlib/ccs/Debug/driverlib.lib
       sysctl.obj                     574    108       0      
       gpio.obj                       486    144       0      
       adc.obj                        316    0         0      
       uart.obj                       132    0         0      
    +--+------------------------------+------+---------+---------+
       Total:                         1508   252       0      
                                                              
    C:\ti\ccs1230\ccs\tools\compiler\ti-cgt-arm_20.2.7.LTS\lib\rtsv7M4_T_le_v4SPD16_eabi.lib
       boot_cortex_m.c.obj            44     0         0      
       exit.c.obj                     4      0         0      
       pre_init.c.obj                 4      0         0      
    +--+------------------------------+------+---------+---------+
       Total:                         52     0         0      
                                                              
       Stack:                         0      0         512    
    +--+------------------------------+------+---------+---------+
       Grand Total:                   2388   872       512    


GLOBAL SYMBOLS: SORTED ALPHABETICALLY BY Name 

address   name                    
-------   ----                    
00000a65  ADCIntStatus            
00000b2b  ADCProcessorTrigger     
0000094f  ADCSequenceConfigure    
00000b0d  ADCSequenceDataGet      
00000b93  ADCSequenceEnable       
000008d5  ADCSequenceStepConfigure
00000bc7  C$$EXIT                 
00000ac1  GPIODirModeSet          
0000059d  GPIOPadConfigSet        
000009a1  GPIOPinConfigure        
00000b6f  GPIOPinTypeADC          
00000b43  GPIOPinTypeGPIOOutput   
00000b81  GPIOPinTypeUART         
00000bb7  GPIOPinWrite            
00000ba1  ResetISR                
000006d1  SysCtlClockGet          
000007e1  SysCtlClockSet          
00000bbd  SysCtlDelay             
00000a31  SysCtlPeripheralEnable  
00000bad  UARTCharPut             
000009e9  UARTConfigSetExpClk     
00000aed  UARTDisable             
00000b5b  UARTEnable              
20000200  __STACK_END             
00000200  __STACK_SIZE            
20000200  __STACK_TOP             
ffffffff  __TI_pprof_out_hndl     
ffffffff  __TI_prof_data_size     
ffffffff  __TI_prof_data_start    
00000000  __TI_static_base__      
ffffffff  __binit__               
ffffffff  __c_args__              
UNDEFED   __mpu_init              
20000000  __stack                 
20000000  __start___llvm_prf_cnts 
20000000  __stop___llvm_prf_cnts  
00000a95  _c_int00_noinit_noargs  
00000bc3  _system_pre_init        
00000bc7  abort                   
ffffffff  binit                   
00000000  g_pfnVectors            
000003bb  main                    
0000026d  setup                   


GLOBAL SYMBOLS: SORTED BY Symbol Address 

address   name                    
-------   ----                    
00000000  __TI_static_base__      
00000000  g_pfnVectors            
00000200  __STACK_SIZE            
0000026d  setup                   
000003bb  main                    
0000059d  GPIOPadConfigSet        
000006d1  SysCtlClockGet          
000007e1  SysCtlClockSet          
000008d5  ADCSequenceStepConfigure
0000094f  ADCSequenceConfigure    
000009a1  GPIOPinConfigure        
000009e9  UARTConfigSetExpClk     
00000a31  SysCtlPeripheralEnable  
00000a65  ADCIntStatus            
00000a95  _c_int00_noinit_noargs  
00000ac1  GPIODirModeSet          
00000aed  UARTDisable             
00000b0d  ADCSequenceDataGet      
00000b2b  ADCProcessorTrigger     
00000b43  GPIOPinTypeGPIOOutput   
00000b5b  UARTEnable              
00000b6f  GPIOPinTypeADC          
00000b81  GPIOPinTypeUART         
00000b93  ADCSequenceEnable       
00000ba1  ResetISR                
00000bad  UARTCharPut             
00000bb7  GPIOPinWrite            
00000bbd  SysCtlDelay             
00000bc3  _system_pre_init        
00000bc7  C$$EXIT                 
00000bc7  abort                   
20000000  __stack                 
20000000  __start___llvm_prf_cnts 
20000000  __stop___llvm_prf_cnts  
20000200  __STACK_END             
20000200  __STACK_TOP             
ffffffff  __TI_pprof_out_hndl     
ffffffff  __TI_prof_data_size     
ffffffff  __TI_prof_data_start    
ffffffff  __binit__               
ffffffff  __c_args__              
ffffffff  binit                   
UNDEFED   __mpu_init              

[43 symbols]
